---
source: tui/src/app/tests.rs
assertion_line: 1914
expression: "render_bottom_popup(&app.chat_widget, 80)"
---
› Ask Codex to do anything

  gpt-5.6-sol default · /tmp/project
                                    ↑/↓ 选 择  · Enter 以 聚 焦 该  agent · Esc 返 回
  > ● worker [default]                                             运 行 中  · 0s
