---
source: tui/src/bottom_pane/request_user_input/mod.rs
assertion_line: 1921
expression: "render_snapshot_at(&overlay, Rect::new(0, 0, 120, 16), now)"
---
                                                                                                                        
  问 题  1/3（ 3 个 未 回 答 ）  · 将 在  1 分  00 秒 后 自 动 解 析                                                                     
  Choose an option.                                                                                                     
                                                                                                                        
  › 1. Option 1  First choice.                                                                                          
    2. Option 2  Second choice.                                                                                         
    3. Option 3  Third choice.                                                                                          
                                                                                                                        
  Tab 添 加 备 注  | Enter 提 交 回 答  | ←/→ 切 换 问 题  | Esc 以 中 断                                
