---
source: tui/src/bottom_pane/request_user_input/mod.rs
expression: "render_snapshot(&overlay, area)"
---
                                                                                                                        
  问 题  1/1（ 1 个 未 回 答 ）                                                                                                 
  Share details.                                                                                                        
                                                                                                                        
  › 输 入 答 案 （ 可 选 ）                                                                                                     
                                                                                                                        
                                                                                                                        
                                                                                                                        
  Enter 提 交 回 答  | F12 以 中 断               
