---
source: tui/src/bottom_pane/mcp_server_elicitation.rs
expression: "render_snapshot(&overlay, Rect::new(0, 0, 120, 16))"
---
                                                                                                                        
  字段 1/1（1 个必填字段未回答）                                                                                        
  Allow this request?                                                                                                   
                                                                                                                        
  Confirm                                                                                                               
  Approve the pending action.                                                                                           
  › 1. 是                                                                                                               
    2. 否                                                                                                               
                                                                                                                        
                                                                                                                        
                                                                                                                        
                                                                                                                        
                                                                                                                        
                                                                                                                        
  Enter 以提交 | Esc 以取消      
