---
source: tui/src/bottom_pane/mcp_server_elicitation.rs
expression: "render_snapshot(&overlay, Rect::new(0, 0, 120, 16))"
---
                                                                                                                        
  字段 1/1                                                                                                              
  Allow Calendar to create an event                                                                                     
                                                                                                                        
  Calendar: primary                                                                                                     
  Title: Roadmap review                                                                                                 
  Notes: This is a deliberately long note that should truncate bef...                                                   
                                                                                                                        
  › 1. 允许   运行工具并继续。                                                                                          
    2. 取消  取消此次工具调用                                                                                           
                                                                                                                        
                                                                                                                        
                                                                                                                        
                                                                                                                        
  Enter 以提交 | Esc 以取消      
