---
source: tui/src/bottom_pane/feedback_view.rs
assertion_line: 743
expression: rendered
---
上传日志？

将发送以下文件：
  • codex-logs.log
  • codex-doctor-report.json
  • codex-apps-tools-cache.json（如可用）
  • codex-app-directory-cache.json（如可用）
  • windows-sandbox.log
  • rollout.jsonl
  • auto-review-rollout.jsonl
