---
source: tui/src/bottom_pane/command_popup.rs
expression: commands
---
/model - 选择模型和推理强度
/ide - 包含 IDE 中的当前选区、打开文件及其他上下文
/permissions - 选择 Codex 允许执行的操作
/keymap - 重新映射 TUI 快捷键
/vim - 切换输入框的 Vim 模式
/experimental - 切换实验性功能
/approve - 允许重试一次最近被自动审查拒绝的操作
/memories - 配置记忆的使用和生成
/skills - 使用 Skills 改进 Codex 完成特定任务的方式
/import - 从 Claude Code 导入设置、当前项目和最近聊天
/hooks - 查看和管理生命周期 Hook
/review - 审查当前改动并查找问题
/rename - 重命名当前会话
/new - 在当前对话中开始新聊天
/archive - 归档此会话并退出
/delete - 永久删除此会话并退出
/resume - 恢复已保存的聊天
/fork - 分叉当前聊天
/app - 在桌面应用中继续此会话
/init - 创建包含 Codex 指令的 AGENTS.md 文件
/compact - 压缩对话，避免达到上下文限制
/agents - 查看并切换所有活跃智能体会话
/side - 在临时分叉中开始侧边对话
/copy - 将上一条回复复制为 Markdown
/export - 将对话导出为 Markdown
/raw - 切换原始回滚模式，便于在终端中复制
/diff - 显示 Git diff（包含未跟踪文件）
/mention - 提及文件
/status - 显示当前会话配置和 token 用量
/cd - 切换当前工作目录
/pwd - 显示当前工作目录
/title - 配置终端标题中显示的项目
/statusline - 配置状态栏中显示的项目
/theme - 选择语法高亮主题
/pets - 选择或隐藏终端宠物
/mcp - 列出已配置的 MCP 工具；使用 /mcp verbose 查看详情
/logout - 退出 Codex 登录
/exit - 退出 Codex
/feedback - 向维护者发送日志
/rollout - 输出 rollout 文件路径
/ps - 列出后台终端
/stop - 停止所有后台终端
/clear - 清空终端并开始新聊天
/test-approval - 测试审批请求
/subagents - 切换此会话的子智能体
