---
source: tui/src/chatwidget/tests/popups_and_settings.rs
expression: strip_osc8_for_snapshot(&popup)
---
  插件
  Figma · 由管理员安装 · ChatGPT Marketplace
  Turn Figma files into implementation context.

› 1. 返回插件列表     返回插件列表。
     由管理员安装  This plugin is installed by your workspace admin.
     来源              本地
     认证                认证 on install
     Skill              design-review, extract-copy
     钩子               PreToolUse (1), Stop (2)
     应用                Figma, Slack
     MCP 服务器         figma-mcp, docs-mcp

  按 Esc 关闭。
