---
source: tui/src/chatwidget/tests/popups_and_settings.rs
expression: popup
---
  插件
  Browse plugins from available marketplaces.
  已安装 1 of 1 available plugins.

  [All 插件]  已安装 (1)  OpenAI Curated  Workspace  Add Marketplace

  Type to search plugins
› [!] Admin Blocked  Disabled   Press Enter to view plugin details.

  space enable/disable · ←/→ select marketplace · enter view details · esc close
