---
source: tui/src/chatwidget/tests/popups_and_settings.rs
expression: strip_osc8_for_snapshot(&popup)
---
  插件
  Docs · 可安装 · 本地
  Data shared with this app is subject to the app's terms of service and privacy policy. Learn more.
  Workspace docs.

› 1. 返回插件列表  返回插件列表。
  2. 安装插件   立即安装此插件。
     来源           本地
     认证             认证 on install
     Version          remote 7
     Sharing          Private · creator Test User · https://chatgpt.com/codex/plugins/share/docs
     Skill           No plugin skills.
     钩子            No plugin hooks.

  按 Esc 关闭。
